require('common');

local settings = T{ };
settings["i"] = T{ };
settings["i"][1] = T{ };
settings["i"][2] = T{ };
settings["i"][3] = T{ };
settings["i"][4] = T{ };
settings["i"][5] = T{ };
settings["i"][6] = T{ };
settings["i"][7] = T{ };
settings["k"] = T{ };
settings["k"][1] = T{ };
settings["k"][2] = T{ };
settings["k"][3] = T{ };
settings["k"][4] = T{ };
settings["i"][1][1] = 2490;
settings["i"][1][2] = "Forbidden Key";
settings["i"][2][1] = 2922;
settings["i"][2][2] = "Eft Egg";
settings["i"][3][1] = 2949;
settings["i"][3][2] = "Quiv. Eft Egg";
settings["i"][4][1] = 2923;
settings["i"][4][2] = "Ctrice. Tailmeat";
settings["i"][5][1] = 2924;
settings["i"][5][2] = "Shk. Whisker";
settings["i"][6][1] = 2950;
settings["i"][6][2] = "Smooth Whisker";
settings["i"][7][1] = 2925;
settings["i"][7][2] = "Resilient Mane";
settings["k"][1][1] = 1472;
settings["k"][1][2] = "fat-lined cockatrice skin";
settings["k"][2][1] = 1473;
settings["k"][2][2] = "sodden sandworm husk";
settings["k"][3][1] = 1474;
settings["k"][3][2] = "luxuriant manticore mane";
settings["k"][4][1] = 1475;
settings["k"][4][2] = "sticky gnat wing";

return settings;
