require('common');

local settings = T{ };
settings["i"] = T{ };
settings["i"][1] = T{ };
settings["i"][2] = T{ };
settings["i"][3] = T{ };
settings["i"][4] = T{ };
settings["i"][5] = T{ };
settings["i"][6] = T{ };
settings["i"][7] = T{ };
settings["i"][8] = T{ };
settings["i"][9] = T{ };
settings["i"][10] = T{ };
settings["k"] = T{ };
settings["i"][1][1] = 4086;
settings["i"][1][2] = "Lustreless Scale";
settings["i"][2][1] = 6590;
settings["i"][2][2] = "Lu. Scale Box";
settings["i"][3][1] = 6593;
settings["i"][3][2] = "L. Lu. Scale Box";
settings["i"][4][1] = 4087;
settings["i"][4][2] = "Lustreless Hide";
settings["i"][5][1] = 6591;
settings["i"][5][2] = "Lu. Hide Box";
settings["i"][6][1] = 6594;
settings["i"][6][2] = "L. Lu. Hide Box";
settings["i"][7][1] = 4088;
settings["i"][7][2] = "Lustreless Wing";
settings["i"][8][1] = 6592;
settings["i"][8][2] = "L. Wing Box";
settings["i"][9][1] = 6595;
settings["i"][9][2] = "L. Lu. Wing Box";
settings["i"][10][1] = 1115;
settings["i"][10][2] = "Skeleton Key";

return settings;
