require('common');

local settings = T{ };
settings["i"] = T{ };
settings["i"][1] = T{ };
settings["i"][2] = T{ };
settings["i"][3] = T{ };
settings["i"][4] = T{ };
settings["i"][5] = T{ };
settings["i"][6] = T{ };
settings["k"] = T{ };
settings["k"][1] = T{ };
settings["k"][2] = T{ };
settings["k"][3] = T{ };
settings["k"][4] = T{ };
settings["k"][5] = T{ };
settings["k"][6] = T{ };
settings["i"][1][1] = 2592;
settings["i"][1][2] = "Cog Lubricant";
settings["i"][2][1] = 2589;
settings["i"][2][2] = "Granulated Sugar";
settings["i"][3][1] = 2586;
settings["i"][3][2] = "Rock Juice";
settings["i"][4][1] = 2585;
settings["i"][4][2] = "Vinegar Pie";
settings["i"][5][1] = 2584;
settings["i"][5][2] = "Pure Blood";
settings["i"][6][1] = 2583;
settings["i"][6][2] = "Buffalo Corpse";
settings["k"][1][1] = 1004;
settings["k"][1][2] = "cerise seal";
settings["k"][2][1] = 1005;
settings["k"][2][2] = "salmon-colored seal";
settings["k"][3][1] = 1008;
settings["k"][3][2] = "copper-colored seal";
settings["k"][4][1] = 1007;
settings["k"][4][2] = "gold-colored seal";
settings["k"][5][1] = 1006;
settings["k"][5][2] = "purplish grey seal";
settings["k"][6][1] = 1009;
settings["k"][6][2] = "bright blue seal";

return settings;
