require('common');

local settings = T{ };
settings["i"] = T{ };
settings["i"][1] = T{ };
settings["i"][2] = T{ };
settings["i"][3] = T{ };
settings["i"][4] = T{ };
settings["i"][5] = T{ };
settings["i"][6] = T{ };
settings["k"] = T{ };
settings["k"][1] = T{ };
settings["k"][2] = T{ };
settings["k"][3] = T{ };
settings["k"][4] = T{ };
settings["k"][5] = T{ };
settings["k"][6] = T{ };
settings["i"][1][1] = 2580;
settings["i"][1][2] = "Hellcage Butterfly";
settings["i"][2][1] = 2577;
settings["i"][2][2] = "Senorita Pamama";
settings["i"][3][1] = 2574;
settings["i"][3][2] = "Ferrite";
settings["i"][4][1] = 2575;
settings["i"][4][2] = "Sheep Botfly";
settings["i"][5][1] = 2576;
settings["i"][5][2] = "Olzhiryan Cactus";
settings["i"][6][1] = 2573;
settings["i"][6][2] = "Monkey Wine";
settings["k"][1][1] = 998;
settings["k"][1][2] = "maroon seal";
settings["k"][2][1] = 999;
settings["k"][2][2] = "apple green seal";
settings["k"][3][1] = 1000;
settings["k"][3][2] = "charcoal grey seal";
settings["k"][4][1] = 1001;
settings["k"][4][2] = "deep purple seal";
settings["k"][5][1] = 1002;
settings["k"][5][2] = "chestnut-colored seal";
settings["k"][6][1] = 1003;
settings["k"][6][2] = "lilac-colored seal";

return settings;
